Warning[w6]: Type conflict for external/entry "memset", in module modbus against external/entry in module ?memset; prototyped function vs K&R function
  /* In module modbus: */
  /* K&R Function, args 0, attr 0 */
  int (__cc_version2 memset)();
  /* In module ?memset: */
  /* Function, args 3, attr 0 */
  void * (__cc_version2 memset)(void *,
                                int,
                                size_t);
    typedef _Sizet size_t;
    typedef unsigned int _Sizet;
################################################################################
#                                                                              #
#      IAR Universal Linker V6.4.6.89                                          #
#                                                                              #
#           Link time     =  14/Apr/2024  19:25:50                             #
#           Target CPU    =  MSP430                                            #
#           List file     =  G:\TI-MSP430\MSP430FG479_V1.4_0324\Debug\List\tes #
#                            t333.map                                          #
#           Output file 1 =  G:\TI-MSP430\MSP430FG479_V1.4_0324\Debug\Exe\test #
#                            333.txt                                           #
#                            Format: ubrof10                                   #
#                            UBROF version 10.0.6                              #
#                            Using library modules for C-SPY (-rt)             #
#           Command line  =  -f                                                #
#                            C:\Users\ADMINI~1\AppData\Local\Temp\EW1F9B.tmp   #
#                            (G:\TI-MSP430\MSP430FG479_V1.4_0324\Debug\Obj\adc #
#                            .r43                                              #
#                            G:\TI-MSP430\MSP430FG479_V1.4_0324\Debug\Obj\at.r #
#                            43                                                #
#                            G:\TI-MSP430\MSP430FG479_V1.4_0324\Debug\Obj\dac. #
#                            r43                                               #
#                            G:\TI-MSP430\MSP430FG479_V1.4_0324\Debug\Obj\dela #
#                            y.r43                                             #
#                            G:\TI-MSP430\MSP430FG479_V1.4_0324\Debug\Obj\flas #
#                            h.r43                                             #
#                            G:\TI-MSP430\MSP430FG479_V1.4_0324\Debug\Obj\gpio #
#                            .r43                                              #
#                            G:\TI-MSP430\MSP430FG479_V1.4_0324\Debug\Obj\main #
#                            .r43                                              #
#                            G:\TI-MSP430\MSP430FG479_V1.4_0324\Debug\Obj\modb #
#                            us.r43                                            #
#                            G:\TI-MSP430\MSP430FG479_V1.4_0324\Debug\Obj\moto #
#                            r.r43                                             #
#                            G:\TI-MSP430\MSP430FG479_V1.4_0324\Debug\Obj\sys. #
#                            r43                                               #
#                            G:\TI-MSP430\MSP430FG479_V1.4_0324\Debug\Obj\time #
#                            r.r43                                             #
#                            G:\TI-MSP430\MSP430FG479_V1.4_0324\Debug\Obj\uart #
#                            .r43                                              #
#                            -o                                                #
#                            G:\TI-MSP430\MSP430FG479_V1.4_0324\Debug\Exe\test #
#                            333.txt                                           #
#                            -l                                                #
#                            G:\TI-MSP430\MSP430FG479_V1.4_0324\Debug\List\tes #
#                            t333.map                                          #
#                            -xms                                              #
#                            "-IC:\Program Files (x86)\IAR Systems\Embedded Wo #
#                            rkbench 8.0\430\LIB\"                             #
#                            -f                                                #
#                            "C:\Program Files (x86)\IAR Systems\Embedded Work #
#                            bench 8.0\430\config\linker\lnk430fg479.xcl"      #
#                            (-cmsp430 -QCODE_I=CODE_ID -QTLS16_I=TLS16_ID     #
#                            -Z(CONST)INFO=1000-10FF                           #
#                            -Z(CONST)INFOA=10C0-10FF                          #
#                            -Z(CONST)INFOB=1080-10BF                          #
#                            -Z(CONST)INFOC=1040-107F                          #
#                            -Z(CONST)INFOD=1000-103F                          #
#                            -Z(DATA)DATA16_I,DATA16_Z,DATA16_N,TLS16_I=0200-0 #
#                            9FF                                               #
#                            -Z(DATA)DATA16_HEAP+_DATA16_HEAP_SIZE             #
#                            -Z(DATA)CODE_I -Z(DATA)CSTACK+_STACK_SIZE#        #
#                            -Z(CONST)DATA16_C,DATA16_ID,TLS16_ID,DIFUNCT,CHEC #
#                            KSUM=1100-FFDF                                    #
#                            -Z(CODE)CSTART,ISR_CODE,CODE_ID=1100-FFDF         #
#                            -P(CODE)CODE=1100-FFDF -Z(CODE)INTVEC=FFE0-FFFF   #
#                            -Z(CODE)RESET=FFFE-FFFF) -D_STACK_SIZE=190 -rt    #
#                            "C:\Program Files (x86)\IAR Systems\Embedded Work #
#                            bench 8.0\430\lib\dlib\dl430fn.r43"               #
#                            -e_PrintfLarge=_Printf -e_ScanfLarge=_Scanf       #
#                            -D_DATA16_HEAP_SIZE=190 -s __program_start        #
#                            -e__write_buffered=__write                        #
#                            -D_DATA20_HEAP_SIZE=50)                           #
#                                                                              #
#                           Copyright (C) 1987-2016 IAR Systems AB.            #
################################################################################





                ****************************************
                *                                      *
                *           CROSS REFERENCE            *
                *                                      *
                ****************************************

       Program entry at :           1254  Relocatable, from module : ?cstart




                ****************************************
                *                                      *
                *            RUNTIME MODEL             *
                *                                      *
                ****************************************

  __Heap_Handler             = Basic
  __SystemLibrary            = DLib
  __core                     = 430
  __dlib_file_descriptor     = 0
  __dlib_full_locale_support = 0
  __double_size              = 32
  __pic                      = no
  __reg_r4                   = free
  __reg_r5                   = free
  __rt_version               = 3

                ****************************************
                *                                      *
                *    AUTOMATIC SYMBOL REDIRECTIONS     *
                *                                      *
                ****************************************

                  There are no automatic symbol redirections.



                ****************************************
                *                                      *
                *              MODULE MAP              *
                *                                      *
                ****************************************


  DEFINED ABSOLUTE ENTRIES
    *************************************************************************

  DEFINED ABSOLUTE ENTRIES
  PROGRAM MODULE, NAME : ?ABS_ENTRY_MOD

Absolute parts
           ENTRY                   ADDRESS         REF BY
           =====                   =======         ======
           _DATA20_HEAP_SIZE       0050 
           _DATA16_HEAP_SIZE       0190 
           _STACK_SIZE             0190 
    *************************************************************************

  FILE NAME : G:\TI-MSP430\MSP430FG479_V1.4_0324\Debug\Obj\adc.r43
  PROGRAM MODULE, NAME : adc

  SEGMENTS IN THE MODULE
  ======================
DATA16_AN
  Relative segment, address: 0020 - 0020 (0x1 bytes), align: 0
  Segment part 1. ROOT        Intra module refs:   MotorDirection
                                                   P1ISR
                                                   P2ISR
           ENTRY                   ADDRESS         REF BY
           =====                   =======         ======
           P1IN                    0020 
    -------------------------------------------------------------------------
DATA16_AN
  Relative segment, address: 0022 - 0022 (0x1 bytes), align: 0
  Segment part 2. ROOT        Intra module refs:   DAC_Init (dac)
                                                   MotorInit
           ENTRY                   ADDRESS         REF BY
           =====                   =======         ======
           P1DIR                   0022 
    -------------------------------------------------------------------------
DATA16_AN
  Relative segment, address: 0023 - 0023 (0x1 bytes), align: 0
  Segment part 3. ROOT        Intra module refs:   P1ISR
                                                   P2ISR
           ENTRY                   ADDRESS         REF BY
           =====                   =======         ======
           P1IFG                   0023 
    -------------------------------------------------------------------------
DATA16_AN
  Relative segment, address: 0028 - 0028 (0x1 bytes), align: 0
  Segment part 4. ROOT        Intra module refs:   MotorDirection
                                                   P1ISR
                                                   P2ISR
           ENTRY                   ADDRESS         REF BY
           =====                   =======         ======
           P2IN                    0028 
    -------------------------------------------------------------------------
DATA16_AN
  Relative segment, address: 002A - 002A (0x1 bytes), align: 0
  Segment part 5. ROOT        Intra module refs:   Gpio_Init (gpio)
                                                   MotorInit
           ENTRY                   ADDRESS         REF BY
           =====                   =======         ======
           P2DIR                   002A 
    -------------------------------------------------------------------------
DATA16_AN
  Relative segment, address: 001D - 001D (0x1 bytes), align: 0
  Segment part 6. ROOT        Intra module refs:   MotorInit
           ENTRY                   ADDRESS         REF BY
           =====                   =======         ======
           P4OUT                   001D 
    -------------------------------------------------------------------------
DATA16_AN
  Relative segment, address: 001E - 001E (0x1 bytes), align: 0
  Segment part 7. ROOT        Intra module refs:   MotorInit
           ENTRY                   ADDRESS         REF BY
           =====                   =======         ======
           P4DIR                   001E 
    -------------------------------------------------------------------------
DATA16_AN
  Relative segment, address: 0031 - 0031 (0x1 bytes), align: 0
  Segment part 8. ROOT        Intra module refs:   DAC_SetChannle (dac)
                                                   MotorDirectControl
                                                   MotorInit
                                                   MotorSet
           ENTRY                   ADDRESS         REF BY
           =====                   =======         ======
           P5OUT                   0031 
    -------------------------------------------------------------------------
DATA16_AN
  Relative segment, address: 0032 - 0032 (0x1 bytes), align: 0
  Segment part 9. ROOT        Intra module refs:   DAC_Init (dac)
                                                   MotorInit
           ENTRY                   ADDRESS         REF BY
           =====                   =======         ======
           P5DIR                   0032 
    -------------------------------------------------------------------------
DATA16_AN
  Relative segment, address: 0037 - 0037 (0x1 bytes), align: 0
  Segment part 10. ROOT       Intra module refs:   ADC_Init
           ENTRY                   ADDRESS         REF BY
           =====                   =======         ======
           P6SEL                   0037 
    -------------------------------------------------------------------------
DATA16_AN
  Relative segment, address: 00B0 - 00B0 (0x1 bytes), align: 0
  Segment part 11. ROOT       Intra module refs:   ADC_Init
                                                   Setchannel
           ENTRY                   ADDRESS         REF BY
           =====                   =======         ======
           SD16INCTL0              00B0 
    -------------------------------------------------------------------------
DATA16_AN
  Relative segment, address: 0100 - 0101 (0x2 bytes), align: 0
  Segment part 12. ROOT       Intra module refs:   ADC_Init
                                                   DAC_Init (dac)
           ENTRY                   ADDRESS         REF BY
           =====                   =======         ======
           SD16CTL                 0100 
    -------------------------------------------------------------------------
DATA16_AN
  Relative segment, address: 0102 - 0103 (0x2 bytes), align: 0
  Segment part 13. ROOT       Intra module refs:   ADC_Init
                                                   SD16ISR
                                                   Setchannel
           ENTRY                   ADDRESS         REF BY
           =====                   =======         ======
           SD16CCTL0               0102 
    -------------------------------------------------------------------------
DATA16_AN
  Relative segment, address: 0110 - 0111 (0x2 bytes), align: 0
  Segment part 14. ROOT       Intra module refs:   SD16ISR
           ENTRY                   ADDRESS         REF BY
           =====                   =======         ======
           SD16IV                  0110 
    -------------------------------------------------------------------------
DATA16_Z
  Relative segment, address: 0232 - 0273 (0x42 bytes), align: 1
  Segment part 27.
           ENTRY                   ADDRESS         REF BY
           =====                   =======         ======
           results                 0232            takeSample (timer)
    -------------------------------------------------------------------------
DATA16_Z
  Relative segment, address: 0274 - 02F7 (0x84 bytes), align: 1
  Segment part 28.
           ENTRY                   ADDRESS         REF BY
           =====                   =======         ======
           resultsbuf              0274            takeSample (timer)
    -------------------------------------------------------------------------
DATA16_Z
  Relative segment, address: 03B4 - 03B4 (0x1 bytes), align: 0
  Segment part 31.            Intra module refs:   MotorDirectControl
                                                   MotorDirection
                                                   P1ISR
                                                   P2ISR
           ENTRY                   ADDRESS         REF BY
           =====                   =======         ======
           DirectFlag              03B4 
    -------------------------------------------------------------------------
DATA16_Z
  Relative segment, address: 02F8 - 02F9 (0x2 bytes), align: 1
  Segment part 32.            Intra module refs:   MotorDirectPeriodControl
                                                   MotorSet
           ENTRY                   ADDRESS         REF BY
           =====                   =======         ======
           PeriodCnt               02F8            MotorTask (timer)
    -------------------------------------------------------------------------
DATA16_Z
  Relative segment, address: 02FA - 02FB (0x2 bytes), align: 1
  Segment part 33.            Intra module refs:   MotorDirectControl
           ENTRY                   ADDRESS         REF BY
           =====                   =======         ======
           NotUsed                 02FA 
    -------------------------------------------------------------------------
DATA16_Z
  Relative segment, address: 03B5 - 03B5 (0x1 bytes), align: 0
  Segment part 34.            Intra module refs:   ADC_Init
                                                   Setchannel
           ENTRY                   ADDRESS         REF BY
           =====                   =======         ======
           ChannelNum              03B5            DAC_Init (dac)
                                                   SampleTask (timer)
                                                   takeSample (timer)
    -------------------------------------------------------------------------
DATA16_Z
  Relative segment, address: 03B6 - 03B6 (0x1 bytes), align: 0
  Segment part 35.            Intra module refs:   Setchannel
           ENTRY                   ADDRESS         REF BY
           =====                   =======         ======
           ChannelNumbuf           03B6 
    -------------------------------------------------------------------------
<CODE> 1 (was CODE)
  Relative segment, address: 3C5C - 3C7F (0x24 bytes), align: 1
  Segment part 43.
           ENTRY                   ADDRESS         REF BY
           =====                   =======         ======
           ADC_Init                3C5C            main (main)
               calls direct
    -------------------------------------------------------------------------
DATA16_Z
  Relative segment, address: 03B7 - 03B7 (0x1 bytes), align: 0
  Segment part 36.            Intra module refs:   Setchannel
           ENTRY                   ADDRESS         REF BY
           =====                   =======         ======
           index                   03B7 
    -------------------------------------------------------------------------
<CODE> 1 (was CODE)
  Relative segment, address: 3D6E - 3D87 (0x1a bytes), align: 1
  Segment part 47.            Intra module refs:   SD16ISR::??INTVEC 14
           ENTRY                   ADDRESS         REF BY
           =====                   =======         ======
           SD16ISR                 3D6E 
               interrupt function
    -------------------------------------------------------------------------
<CODE> 1 (was CODE)
  Relative segment, address: 36FE - 3745 (0x48 bytes), align: 1
  Segment part 48.            Intra module refs:   P1ISR::??INTVEC 8
           ENTRY                   ADDRESS         REF BY
           =====                   =======         ======
           P1ISR                   36FE 
               interrupt function
    -------------------------------------------------------------------------
<CODE> 1 (was CODE)
  Relative segment, address: 3746 - 378D (0x48 bytes), align: 1
  Segment part 49.            Intra module refs:   P2ISR::??INTVEC 2
           ENTRY                   ADDRESS         REF BY
           =====                   =======         ======
           P2ISR                   3746 
               interrupt function
    -------------------------------------------------------------------------
<CODE> 1 (was CODE)
  Relative segment, address: 3618 - 3665 (0x4e bytes), align: 1
  Segment part 42.            Intra module refs:   ADC_Init
           ENTRY                   ADDRESS         REF BY
           =====                   =======         ======
           Setchannel              3618            SampleTask (timer)
                                                   takeSample (timer)
    -------------------------------------------------------------------------
DATA16_Z
  Relative segment, address: 02FC - 033D (0x42 bytes), align: 1
  Segment part 38.            Intra module refs:   Max_value
           ENTRY                   ADDRESS         REF BY
           =====                   =======         ======
           tmp                     02FC 
    -------------------------------------------------------------------------
<CODE> 1 (was CODE)
  Relative segment, address: 31F6 - 3287 (0x92 bytes), align: 1
  Segment part 53.
           ENTRY                   ADDRESS         REF BY
           =====                   =======         ======
           Max_value               31F6            takeSample (timer)
               calls direct
    -------------------------------------------------------------------------
<CODE> 1 (was CODE)
  Relative segment, address: 3CA4 - 3CC1 (0x1e bytes), align: 1
  Segment part 56.
           ENTRY                   ADDRESS         REF BY
           =====                   =======         ======
           MotorInit               3CA4            main (main)
    -------------------------------------------------------------------------
<CODE> 1 (was CODE)
  Relative segment, address: 3310 - 338D (0x7e bytes), align: 1
  Segment part 57.            Intra module refs:   MotorDirectControl
                                                   MotorDirection
           ENTRY                   ADDRESS         REF BY
           =====                   =======         ======
           MotorSet                3310            SampleTask (timer)
    -------------------------------------------------------------------------
DATA16_Z
  Relative segment, address: 03B8 - 03B8 (0x1 bytes), align: 0
  Segment part 39.            Intra module refs:   MotorSet
           LOCAL                   ADDRESS         
           =====                   =======         
           MotorSet::stateBuf      03B8 
    -------------------------------------------------------------------------
<CODE> 1 (was CODE)
  Relative segment, address: 3500 - 3575 (0x76 bytes), align: 1
  Segment part 58.            Intra module refs:   MotorDirectControl
           ENTRY                   ADDRESS         REF BY
           =====                   =======         ======
           MotorDirection          3500 
               calls direct
    -------------------------------------------------------------------------
DATA16_Z
  Relative segment, address: 033E - 033F (0x2 bytes), align: 1
  Segment part 40.            Intra module refs:   MotorDirection
           LOCAL                   ADDRESS         
           =====                   =======         
           MotorDirection::errcnt
                                   033E 
    -------------------------------------------------------------------------
DATA16_Z
  Relative segment, address: 03B9 - 03B9 (0x1 bytes), align: 0
  Segment part 41.            Intra module refs:   MotorDirectControl
           ENTRY                   ADDRESS         REF BY
           =====                   =======         ======
           RunFlag                 03B9 
    -------------------------------------------------------------------------
<CODE> 1 (was CODE)
  Relative segment, address: 37D6 - 381B (0x46 bytes), align: 1
  Segment part 59.            Intra module refs:   MotorDirectPeriodControl
           ENTRY                   ADDRESS         REF BY
           =====                   =======         ======
           MotorDirectControl      37D6 
               calls direct
    -------------------------------------------------------------------------
<CODE> 1 (was CODE)
  Relative segment, address: 3B96 - 3BBF (0x2a bytes), align: 1
  Segment part 60.
           ENTRY                   ADDRESS         REF BY
           =====                   =======         ======
           MotorDirectPeriodControl
                                   3B96            main (main)
               calls direct
    -------------------------------------------------------------------------
INTVEC
  Common segment, address: FFE0 - FFE3 (0x4 bytes), align: 1
  Segment part 15. ROOT 
           ENTRY                   ADDRESS         REF BY
           =====                   =======         ======
           P2ISR::??INTVEC 2       FFE2 
    -------------------------------------------------------------------------
INTVEC
  Common segment, address: FFE0 - FFE9 (0xa bytes), align: 1
  Segment part 16. ROOT 
           ENTRY                   ADDRESS         REF BY
           =====                   =======         ======
           P1ISR::??INTVEC 8       FFE8 
    -------------------------------------------------------------------------
INTVEC
  Common segment, address: FFE0 - FFEF (0x10 bytes), align: 1
  Segment part 17. ROOT 
           ENTRY                   ADDRESS         REF BY
           =====                   =======         ======
           SD16ISR::??INTVEC 14    FFEE 

    *************************************************************************

  FILE NAME : G:\TI-MSP430\MSP430FG479_V1.4_0324\Debug\Obj\at.r43
  PROGRAM MODULE, NAME : at

  SEGMENTS IN THE MODULE
  ======================
DATA16_AN
  Relative segment, address: 0059 - 0059 (0x1 bytes), align: 0
  Segment part 1. ROOT 
           ENTRY                   ADDRESS         REF BY
           =====                   =======         ======
           CACTL1                  0059 
    -------------------------------------------------------------------------
DATA16_AN
  Relative segment, address: 005A - 005A (0x1 bytes), align: 0
  Segment part 2. ROOT 
           ENTRY                   ADDRESS         REF BY
           =====                   =======         ======
           CACTL2                  005A 
    -------------------------------------------------------------------------
DATA16_AN
  Relative segment, address: 005B - 005B (0x1 bytes), align: 0
  Segment part 3. ROOT 
           ENTRY                   ADDRESS         REF BY
           =====                   =======         ======
           CAPD                    005B 
    -------------------------------------------------------------------------
DATA16_AN
  Relative segment, address: 0029 - 0029 (0x1 bytes), align: 0
  Segment part 4. ROOT        Intra module refs:   AT_CMD_Analysis
                                                   Modbus_Read_Send (modbus)
                                                   Modbus_Write_Send (modbus)
                                                   TEST (main)
                                                   Uart_Send_Str (uart)
                                                   main (main)
                                                   uart_init (uart)
           ENTRY                   ADDRESS         REF BY
           =====                   =======         ======
           P2OUT                   0029 
    -------------------------------------------------------------------------
DATA16_AN
  Relative segment, address: 0120 - 0121 (0x2 bytes), align: 0
  Segment part 6. ROOT        Intra module refs:   System_PowerRestart
                                                   sys_init (sys)
           ENTRY                   ADDRESS         REF BY
           =====                   =======         ======
           WDTCTL                  0120 
    -------------------------------------------------------------------------
<CODE> 1 (was CODE)
  Relative segment, address: 3F6C - 3F73 (0x8 bytes), align: 1
  Segment part 23.            Intra module refs:   AT_CMD_Analysis
           ENTRY                   ADDRESS         REF BY
           =====                   =======         ======
           System_PowerRestart     3F6C 
    -------------------------------------------------------------------------
<CODE> 1 (was CODE)
  Relative segment, address: 2672 - 281D (0x1ac bytes), align: 1
  Segment part 24.
           ENTRY                   ADDRESS         REF BY
           =====                   =======         ======
           AT_CMD_Analysis         2672            Uart_Receive_Data_Task (uart)
               calls direct
    -------------------------------------------------------------------------
DATA16_C
  Relative segment, address: 1100 - 1107 (0x8 bytes), align: 0
  Segment part 8.             Intra module refs:   AT_CMD_Analysis
    -------------------------------------------------------------------------
DATA16_C
  Relative segment, address: 1108 - 110F (0x8 bytes), align: 0
  Segment part 9.             Intra module refs:   AT_CMD_Analysis
    -------------------------------------------------------------------------
DATA16_C
  Relative segment, address: 1110 - 1116 (0x7 bytes), align: 0
  Segment part 10.            Intra module refs:   AT_CMD_Analysis
    -------------------------------------------------------------------------
DATA16_C
  Relative segment, address: 1117 - 1121 (0xb bytes), align: 0
  Segment part 11.            Intra module refs:   AT_CMD_Analysis
    -------------------------------------------------------------------------
DATA16_C
  Relative segment, address: 1122 - 112B (0xa bytes), align: 0
  Segment part 12.            Intra module refs:   AT_CMD_Analysis
    -------------------------------------------------------------------------
DATA16_C
  Relative segment, address: 112C - 1138 (0xd bytes), align: 0
  Segment part 13.            Intra module refs:   AT_CMD_Analysis
    -------------------------------------------------------------------------
DATA16_C
  Relative segment, address: 1139 - 1141 (0x9 bytes), align: 0
  Segment part 14.            Intra module refs:   AT_CMD_Analysis
    -------------------------------------------------------------------------
DATA16_C
  Relative segment, address: 1142 - 1159 (0x18 bytes), align: 0
  Segment part 15.            Intra module refs:   AT_CMD_Analysis
    -------------------------------------------------------------------------
DATA16_C
  Relative segment, address: 115A - 1160 (0x7 bytes), align: 0
  Segment part 16.            Intra module refs:   AT_CMD_Analysis
    -------------------------------------------------------------------------
DATA16_C
  Relative segment, address: 1161 - 116B (0xb bytes), align: 0
  Segment part 17.            Intra module refs:   AT_CMD_Analysis
    -------------------------------------------------------------------------
DATA16_C
  Relative segment, address: 116C - 1172 (0x7 bytes), align: 0
  Segment part 18.            Intra module refs:   AT_CMD_Analysis
    -------------------------------------------------------------------------
DATA16_C
  Relative segment, address: 1173 - 119B (0x29 bytes), align: 0
  Segment part 19.            Intra module refs:   AT_CMD_Analysis
    -------------------------------------------------------------------------
DATA16_C
  Relative segment, address: 119C - 11A4 (0x9 bytes), align: 0
  Segment part 20.            Intra module refs:   AT_CMD_Analysis
    -------------------------------------------------------------------------
DATA16_C
  Relative segment, address: 11A5 - 11B0 (0xc bytes), align: 0
  Segment part 21.            Intra module refs:   AT_CMD_Analysis

    *************************************************************************

  FILE NAME : G:\TI-MSP430\MSP430FG479_V1.4_0324\Debug\Obj\dac.r43
  PROGRAM MODULE, NAME : dac

  SEGMENTS IN THE MODULE
  ======================
DATA16_AN
  Relative segment, address: 01C2 - 01C3 (0x2 bytes), align: 0
  Segment part 1. ROOT        Intra module refs:   DAC_Init
           ENTRY                   ADDRESS         REF BY
           =====                   =======         ======
           DAC12_1CTL              01C2 
    -------------------------------------------------------------------------
DATA16_AN
  Relative segment, address: 01CA - 01CB (0x2 bytes), align: 0
  Segment part 2. ROOT        Intra module refs:   DAC_Set
           ENTRY                   ADDRESS         REF BY
           =====                   =======         ======
           DAC12_1DAT              01CA 
    -------------------------------------------------------------------------
DATA16_AN
  Relative segment, address: 0021 - 0021 (0x1 bytes), align: 0
  Segment part 3. ROOT        Intra module refs:   DAC_Init
           ENTRY                   ADDRESS         REF BY
           =====                   =======         ======
           P1OUT                   0021 
    -------------------------------------------------------------------------
<CODE> 1 (was CODE)
  Relative segment, address: 3B6A - 3B95 (0x2c bytes), align: 1
  Segment part 10.
           ENTRY                   ADDRESS         REF BY
           =====                   =======         ======
           DAC_Init                3B6A            main (main)
               calls direct
    -------------------------------------------------------------------------
<CODE> 1 (was CODE)
  Relative segment, address: 3F7C - 3F81 (0x6 bytes), align: 1
  Segment part 11.
           ENTRY                   ADDRESS         REF BY
           =====                   =======         ======
           DAC_Set                 3F7C            AT_CMD_Analysis (at)
                                                   takeSample (timer)
    -------------------------------------------------------------------------
<CODE> 1 (was CODE)
  Relative segment, address: 3BC0 - 3BE9 (0x2a bytes), align: 1
  Segment part 9.             Intra module refs:   DAC_Init
           ENTRY                   ADDRESS         REF BY
           =====                   =======         ======
           DAC_SetChannle          3BC0            SampleTask (timer)
                                                   takeSample (timer)

    *************************************************************************

  FILE NAME : G:\TI-MSP430\MSP430FG479_V1.4_0324\Debug\Obj\delay.r43
  PROGRAM MODULE, NAME : delay

  SEGMENTS IN THE MODULE
  ======================
DATA16_AN
  Relative segment, address: 0001 - 0001 (0x1 bytes), align: 0
  Segment part 1. ROOT        Intra module refs:   SampleTask (timer)
                                                   Uart_Receive_Data_Task (uart)
                                                   delay_init
                                                   takeSample (timer)
                                                   uart_init (uart)
           ENTRY                   ADDRESS         REF BY
           =====                   =======         ======
           IE2                     0001 
    -------------------------------------------------------------------------
DATA16_AN
  Relative segment, address: 0003 - 0003 (0x1 bytes), align: 0
  Segment part 2. ROOT        Intra module refs:   SampleTask (timer)
                                                   basic_timer_ISR
           ENTRY                   ADDRESS         REF BY
           =====                   =======         ======
           IFG2                    0003 
    -------------------------------------------------------------------------
DATA16_AN
  Relative segment, address: 0040 - 0041 (0x2 bytes), align: 0
  Segment part 3. ROOT        Intra module refs:   delay_init
           ENTRY                   ADDRESS         REF BY
           =====                   =======         ======
           _A_BTCTL                0040 
           LOCAL                   ADDRESS         
           =====                   =======         
           BTCTL                   0040 
           RTCCTL                  0041 
           RTCTL                   0040 
    -------------------------------------------------------------------------
DATA16_Z
  Relative segment, address: 0340 - 0341 (0x2 bytes), align: 1
  Segment part 6.             Intra module refs:   basic_timer_ISR
           ENTRY                   ADDRESS         REF BY
           =====                   =======         ======
           temp                    0340 
    -------------------------------------------------------------------------
DATA16_Z
  Relative segment, address: 0342 - 0343 (0x2 bytes), align: 1
  Segment part 7.             Intra module refs:   basic_timer_ISR
           ENTRY                   ADDRESS         REF BY
           =====                   =======         ======
           timeout_1ms             0342            SampleTask (timer)
                                                   main (main)
    -------------------------------------------------------------------------
<CODE> 1 (was CODE)
  Relative segment, address: 3CFE - 3D19 (0x1c bytes), align: 1
  Segment part 8.             Intra module refs:   basic_timer_ISR::??INTVEC 0
           ENTRY                   ADDRESS         REF BY
           =====                   =======         ======
           basic_timer_ISR         3CFE 
               interrupt function
    -------------------------------------------------------------------------
<CODE> 1 (was CODE)
  Relative segment, address: 3EFC - 3F09 (0xe bytes), align: 1
  Segment part 9.
           ENTRY                   ADDRESS         REF BY
           =====                   =======         ======
           delay_init              3EFC            main (main)
    -------------------------------------------------------------------------
INTVEC
  Common segment, address: FFE0 - FFE1 (0x2 bytes), align: 1
  Segment part 4. ROOT 
           ENTRY                   ADDRESS         REF BY
           =====                   =======         ======
           basic_timer_ISR::??INTVEC 0
                                   FFE0 

    *************************************************************************

  FILE NAME : G:\TI-MSP430\MSP430FG479_V1.4_0324\Debug\Obj\flash.r43
  PROGRAM MODULE, NAME : flash

  SEGMENTS IN THE MODULE
  ======================
DATA16_AN
  Relative segment, address: 0128 - 0129 (0x2 bytes), align: 0
  Segment part 1. ROOT        Intra module refs:   FLASH_Write
           ENTRY                   ADDRESS         REF BY
           =====                   =======         ======
           FCTL1                   0128 
    -------------------------------------------------------------------------
DATA16_AN
  Relative segment, address: 012C - 012D (0x2 bytes), align: 0
  Segment part 2. ROOT        Intra module refs:   FLASH_Write
           ENTRY                   ADDRESS         REF BY
           =====                   =======         ======
           FCTL3                   012C 
    -------------------------------------------------------------------------
DATA16_Z
  Relative segment, address: 03BA - 0479 (0xc0 bytes), align: 0
  Segment part 4.             Intra module refs:   FLASH_Write
           ENTRY                   ADDRESS         REF BY
           =====                   =======         ======
           FLASH_BUF               03BA 
    -------------------------------------------------------------------------
<CODE> 1 (was CODE)
  Relative segment, address: 2F46 - 300F (0xca bytes), align: 1
  Segment part 5.
           ENTRY                   ADDRESS         REF BY
           =====                   =======         ======
           FLASH_Write             2F46            AT_CMD_Analysis (at)
                                                   Modbus_Write_Send (modbus)
               calls direct
    -------------------------------------------------------------------------
<CODE> 1 (was CODE)
  Relative segment, address: 3F94 - 3F97 (0x4 bytes), align: 1
  Segment part 6.             Intra module refs:   FLASH_Read
           ENTRY                   ADDRESS         REF BY
           =====                   =======         ======
           FLASH_ReadByte          3F94 
    -------------------------------------------------------------------------
<CODE> 1 (was CODE)
  Relative segment, address: 3B10 - 3B3D (0x2e bytes), align: 1
  Segment part 7.
           ENTRY                   ADDRESS         REF BY
           =====                   =======         ======
           FLASH_Read              3B10            AT_CMD_Analysis (at)
                                                   FLASH_Init (modbus)
               calls direct

    *************************************************************************

  FILE NAME : G:\TI-MSP430\MSP430FG479_V1.4_0324\Debug\Obj\gpio.r43
  PROGRAM MODULE, NAME : gpio

  SEGMENTS IN THE MODULE
  ======================
<CODE> 1 (was CODE)
  Relative segment, address: 3F74 - 3F7B (0x8 bytes), align: 1
  Segment part 3.
           ENTRY                   ADDRESS         REF BY
           =====                   =======         ======
           Gpio_Init               3F74            main (main)

    *************************************************************************

  FILE NAME : G:\TI-MSP430\MSP430FG479_V1.4_0324\Debug\Obj\main.r43
  PROGRAM MODULE, NAME : main

  SEGMENTS IN THE MODULE
  ======================
DATA16_AN
  Relative segment, address: 0065 - 0065 (0x1 bytes), align: 0
  Segment part 2. ROOT        Intra module refs:   Modbus_Read_Send (modbus)
                                                   TEST
                                                   Uart_Send_Data (uart)
                                                   putchar (uart)
           ENTRY                   ADDRESS         REF BY
           =====                   =======         ======
           UCA0STAT                0065 
    -------------------------------------------------------------------------
DATA16_C
  Relative segment, address: 11B1 - 11BD (0xd bytes), align: 0
  Segment part 4.             Intra module refs:   TEST
    -------------------------------------------------------------------------
<CODE> 1 (was CODE)
  Relative segment, address: 3D52 - 3D6D (0x1c bytes), align: 1
  Segment part 7.             Intra module refs:   main
           ENTRY                   ADDRESS         REF BY
           =====                   =======         ======
           TEST                    3D52 
               calls direct
    -------------------------------------------------------------------------
<CODE> 1 (was CODE)
  Relative segment, address: 3288 - 330F (0x88 bytes), align: 1
  Segment part 8.
           ENTRY                   ADDRESS         REF BY
           =====                   =======         ======
           main                    3288            Segment part 18 (?cstart)
               calls direct

    *************************************************************************

  FILE NAME : G:\TI-MSP430\MSP430FG479_V1.4_0324\Debug\Obj\modbus.r43
  PROGRAM MODULE, NAME : modbus

  SEGMENTS IN THE MODULE
  ======================
DATA16_I
  Relative segment, address: 022E - 022E (0x1 bytes), align: 0
  Segment part 5.             Intra module refs:   Modbus_CMD_Analysis
           ENTRY                   ADDRESS         REF BY
           =====                   =======         ======
           Modbus_485_Addr         022E            Uart_Receive_Data_Task (uart)
    -------------------------------------------------------------------------
DATA16_Z
  Relative segment, address: 047A - 0535 (0xbc bytes), align: 0
  Segment part 7.             Intra module refs:   FLASH_Init
                                                   Modbus_CMD_Analysis
                                                   Modbus_Write_Send
           ENTRY                   ADDRESS         REF BY
           =====                   =======         ======
           MODBUS                  047A 
    -------------------------------------------------------------------------
<CODE> 1 (was CODE)
  Relative segment, address: 389A - 38D5 (0x3c bytes), align: 1
  Segment part 10.            Intra module refs:   Modbus_Read_Send
                                                   Modbus_Write_Send
           ENTRY                   ADDRESS         REF BY
           =====                   =======         ======
           Modbus_CRC16            389A            Uart_Receive_Data_Task (uart)
    -------------------------------------------------------------------------
<CODE> 1 (was CODE)
  Relative segment, address: 3160 - 31F5 (0x96 bytes), align: 1
  Segment part 11.            Intra module refs:   Modbus_CMD_Analysis
           ENTRY                   ADDRESS         REF BY
           =====                   =======         ======
           Modbus_Read_Send        3160 
               calls direct
    -------------------------------------------------------------------------
<CODE> 1 (was CODE)
  Relative segment, address: 338E - 340B (0x7e bytes), align: 1
  Segment part 12.            Intra module refs:   Modbus_CMD_Analysis
           ENTRY                   ADDRESS         REF BY
           =====                   =======         ======
           Modbus_Write_Send       338E 
               calls direct
    -------------------------------------------------------------------------
<CODE> 1 (was CODE)
  Relative segment, address: 127C - 1A39 (0x7be bytes), align: 1
  Segment part 13.
           ENTRY                   ADDRESS         REF BY
           =====                   =======         ======
           Modbus_CMD_Analysis     127C            Uart_Receive_Data_Task (uart)
               calls direct
    -------------------------------------------------------------------------
<CODE> 1 (was CODE)
  Relative segment, address: 3980 - 39B3 (0x34 bytes), align: 1
  Segment part 14.
           ENTRY                   ADDRESS         REF BY
           =====                   =======         ======
           FLASH_Init              3980            main (main)
               calls direct
    -------------------------------------------------------------------------
DATA16_ID
  Relative segment, address: 1250 - 1250 (0x1 bytes), align: 0
  Segment part 6.             Intra module refs:   Modbus_485_Addr

    *************************************************************************

  FILE NAME : G:\TI-MSP430\MSP430FG479_V1.4_0324\Debug\Obj\motor.r43
    *************************************************************************

  FILE NAME : G:\TI-MSP430\MSP430FG479_V1.4_0324\Debug\Obj\sys.r43
  PROGRAM MODULE, NAME : sys

  SEGMENTS IN THE MODULE
  ======================
DATA16_AN
  Relative segment, address: 0050 - 0050 (0x1 bytes), align: 0
  Segment part 1. ROOT        Intra module refs:   sys_init
           ENTRY                   ADDRESS         REF BY
           =====                   =======         ======
           SCFI0                   0050 
    -------------------------------------------------------------------------
DATA16_AN
  Relative segment, address: 0052 - 0052 (0x1 bytes), align: 0
  Segment part 2. ROOT        Intra module refs:   sys_init
           ENTRY                   ADDRESS         REF BY
           =====                   =======         ======
           SCFQCTL                 0052 
    -------------------------------------------------------------------------
DATA16_AN
  Relative segment, address: 0053 - 0053 (0x1 bytes), align: 0
  Segment part 3. ROOT        Intra module refs:   sys_init
           ENTRY                   ADDRESS         REF BY
           =====                   =======         ======
           FLL_CTL0                0053 
    -------------------------------------------------------------------------
<CODE> 1 (was CODE)
  Relative segment, address: 3C14 - 3C37 (0x24 bytes), align: 1
  Segment part 11.
           ENTRY                   ADDRESS         REF BY
           =====                   =======         ======
           sys_init                3C14            main (main)
    -------------------------------------------------------------------------
DATA16_Z
  Relative segment, address: 0344 - 0345 (0x2 bytes), align: 1
  Segment part 6.             Intra module refs:   OS_Run
                                                   OS_evt_set
                                                   OS_evt_timer
           ENTRY                   ADDRESS         REF BY
           =====                   =======         ======
           TaskEvent               0344 
    -------------------------------------------------------------------------
DATA16_Z
  Relative segment, address: 0536 - 0536 (0x1 bytes), align: 0
  Segment part 7.             Intra module refs:   OS_Run
                                                   OS_evt_delete
                                                   OS_evt_set
                                                   OS_evt_timer
           ENTRY                   ADDRESS         REF BY
           =====                   =======         ======
           TaskEventNum            0536 
    -------------------------------------------------------------------------
DATA16_Z
  Relative segment, address: 0346 - 0365 (0x20 bytes), align: 1
  Segment part 8.             Intra module refs:   OS_evt_delete
                                                   OS_evt_set
                                                   OS_evt_timer
           ENTRY                   ADDRESS         REF BY
           =====                   =======         ======
           EventTime               0346 
    -------------------------------------------------------------------------
DATA16_Z
  Relative segment, address: 0366 - 0385 (0x20 bytes), align: 1
  Segment part 9.             Intra module refs:   OS_evt_delete
                                                   OS_evt_set
                                                   OS_evt_timer
           ENTRY                   ADDRESS         REF BY
           =====                   =======         ======
           EventTimeSave           0366 
    -------------------------------------------------------------------------
DATA16_Z
  Relative segment, address: 0386 - 03A5 (0x20 bytes), align: 1
  Segment part 10.            Intra module refs:   OS_Run
                                                   OS_evt_delete
                                                   OS_evt_set
           ENTRY                   ADDRESS         REF BY
           =====                   =======         ======
           Task_Func               0386 
    -------------------------------------------------------------------------
<CODE> 1 (was CODE)
  Relative segment, address: 30C0 - 315F (0xa0 bytes), align: 1
  Segment part 13.
           ENTRY                   ADDRESS         REF BY
           =====                   =======         ======
           OS_evt_set              30C0            USCIA0RX_ISR (uart)
                                                   main (main)
               calls direct
    -------------------------------------------------------------------------
<CODE> 1 (was CODE)
  Relative segment, address: 348A - 34FF (0x76 bytes), align: 1
  Segment part 14.
           ENTRY                   ADDRESS         REF BY
           =====                   =======         ======
           OS_evt_delete           348A            Uart_Receive_Data_Task (uart)
    -------------------------------------------------------------------------
<CODE> 1 (was CODE)
  Relative segment, address: 35C8 - 3617 (0x50 bytes), align: 1
  Segment part 15.
           ENTRY                   ADDRESS         REF BY
           =====                   =======         ======
           OS_evt_timer            35C8            main (main)
               calls direct
    -------------------------------------------------------------------------
<CODE> 1 (was CODE)
  Relative segment, address: 39B4 - 39E7 (0x34 bytes), align: 1
  Segment part 16.
           ENTRY                   ADDRESS         REF BY
           =====                   =======         ======
           OS_Run                  39B4            main (main)
               calls direct and indirect

    *************************************************************************

  FILE NAME : G:\TI-MSP430\MSP430FG479_V1.4_0324\Debug\Obj\timer.r43
  PROGRAM MODULE, NAME : timer

  SEGMENTS IN THE MODULE
  ======================
DATA16_AN
  Relative segment, address: 0112 - 0113 (0x2 bytes), align: 0
  Segment part 3. ROOT        Intra module refs:   takeSample
           ENTRY                   ADDRESS         REF BY
           =====                   =======         ======
           SD16MEM0                0112 
    -------------------------------------------------------------------------
DATA16_AN
  Relative segment, address: 0160 - 0161 (0x2 bytes), align: 0
  Segment part 4. ROOT        Intra module refs:   Timer_A
                                                   Timer_Init
                                                   takeSample
           ENTRY                   ADDRESS         REF BY
           =====                   =======         ======
           TACTL                   0160 
    -------------------------------------------------------------------------
DATA16_AN
  Relative segment, address: 0172 - 0173 (0x2 bytes), align: 0
  Segment part 5. ROOT        Intra module refs:   Timer_Init
           ENTRY                   ADDRESS         REF BY
           =====                   =======         ======
           TACCR0                  0172 
    -------------------------------------------------------------------------
DATA16_I
  Relative segment, address: 022F - 022F (0x1 bytes), align: 0
  Segment part 8.             Intra module refs:   MotorTask
           ENTRY                   ADDRESS         REF BY
           =====                   =======         ======
           MotorState              022F            FLASH_Init (modbus)
                                                   main (main)
    -------------------------------------------------------------------------
DATA16_Z
  Relative segment, address: 03A6 - 03A7 (0x2 bytes), align: 1
  Segment part 10.            Intra module refs:   MotorTask
           ENTRY                   ADDRESS         REF BY
           =====                   =======         ======
           MotorIntervalTime       03A6            FLASH_Init (modbus)
                                                   Modbus_CMD_Analysis (modbus)
    -------------------------------------------------------------------------
DATA16_Z
  Relative segment, address: 03A8 - 03A9 (0x2 bytes), align: 1
  Segment part 11.            Intra module refs:   MotorTask
           ENTRY                   ADDRESS         REF BY
           =====                   =======         ======
           MotorIntervalTimeBuf    03A8            FLASH_Init (modbus)
                                                   Modbus_CMD_Analysis (modbus)
    -------------------------------------------------------------------------
DATA16_I
  Relative segment, address: 0200 - 0201 (0x2 bytes), align: 1
  Segment part 12.            Intra module refs:   SampleTask
           ENTRY                   ADDRESS         REF BY
           =====                   =======         ======
           SampleIntervalTime      0200            Modbus_CMD_Analysis (modbus)
    -------------------------------------------------------------------------
DATA16_Z
  Relative segment, address: 03AA - 03AD (0x4 bytes), align: 1
  Segment part 15.            Intra module refs:   takeSample
           ENTRY                   ADDRESS         REF BY
           =====                   =======         ======
           actualvalue             03AA 
    -------------------------------------------------------------------------
DATA16_I
  Relative segment, address: 0202 - 022D (0x2c bytes), align: 1
  Segment part 16.            Intra module refs:   takeSample
           ENTRY                   ADDRESS         REF BY
           =====                   =======         ======
           Sinewave                0202 
    -------------------------------------------------------------------------
DATA16_Z
  Relative segment, address: 0537 - 0537 (0x1 bytes), align: 0
  Segment part 21.            Intra module refs:   Timer_A
                                                   takeSample
           ENTRY                   ADDRESS         REF BY
           =====                   =======         ======
           Sequencenum             0537 
    -------------------------------------------------------------------------
DATA16_I
  Relative segment, address: 0230 - 0230 (0x1 bytes), align: 0
  Segment part 22.            Intra module refs:   SampleTask
                                                   takeSample
           ENTRY                   ADDRESS         REF BY
           =====                   =======         ======
           taskswitch              0230            main (main)
    -------------------------------------------------------------------------
<CODE> 1 (was CODE)
  Relative segment, address: 3E96 - 3EA5 (0x10 bytes), align: 1
  Segment part 26.            Intra module refs:   Timer_A::??INTVEC 12
           ENTRY                   ADDRESS         REF BY
           =====                   =======         ======
           Timer_A                 3E96 
               interrupt function
    -------------------------------------------------------------------------
<CODE> 1 (was CODE)
  Relative segment, address: 3EE0 - 3EED (0xe bytes), align: 1
  Segment part 27.
           ENTRY                   ADDRESS         REF BY
           =====                   =======         ======
           Timer_Init              3EE0            main (main)
    -------------------------------------------------------------------------
<CODE> 1 (was CODE)
  Relative segment, address: 3BEA - 3C13 (0x2a bytes), align: 1
  Segment part 28.
           ENTRY                   ADDRESS         REF BY
           =====                   =======         ======
           MotorTask               3BEA            main (main)
    -------------------------------------------------------------------------
<CODE> 1 (was CODE)
  Relative segment, address: 3666 - 36B1 (0x4c bytes), align: 1
  Segment part 29.
           ENTRY                   ADDRESS         REF BY
           =====                   =======         ======
           SampleTask              3666            main (main)
               calls direct
    -------------------------------------------------------------------------
DATA16_Z
  Relative segment, address: 03AE - 03AF (0x2 bytes), align: 1
  Segment part 24.            Intra module refs:   takeSample
           ENTRY                   ADDRESS         REF BY
           =====                   =======         ======
           storecnt                03AE 
    -------------------------------------------------------------------------
DATA16_Z
  Relative segment, address: 0538 - 0538 (0x1 bytes), align: 0
  Segment part 25.            Intra module refs:   takeSample
           ENTRY                   ADDRESS         REF BY
           =====                   =======         ======
           revnum                  0538 
    -------------------------------------------------------------------------
<CODE> 1 (was CODE)
  Relative segment, address: 2D54 - 2E5B (0x108 bytes), align: 1
  Segment part 30.
           ENTRY                   ADDRESS         REF BY
           =====                   =======         ======
           takeSample              2D54            main (main)
               calls direct
    -------------------------------------------------------------------------
INTVEC
  Common segment, address: FFE0 - FFED (0xe bytes), align: 1
  Segment part 6. ROOT 
           ENTRY                   ADDRESS         REF BY
           =====                   =======         ======
           Timer_A::??INTVEC 12    FFEC 
    -------------------------------------------------------------------------
DATA16_ID
  Relative segment, address: 1251 - 1251 (0x1 bytes), align: 0
  Segment part 9.             Intra module refs:   MotorState
    -------------------------------------------------------------------------
DATA16_ID
  Relative segment, address: 1222 - 1223 (0x2 bytes), align: 1
  Segment part 13.            Intra module refs:   SampleIntervalTime
    -------------------------------------------------------------------------
DATA16_ID
  Relative segment, address: 1224 - 124F (0x2c bytes), align: 1
  Segment part 17.            Intra module refs:   Sinewave
    -------------------------------------------------------------------------
DATA16_ID
  Relative segment, address: 1252 - 1252 (0x1 bytes), align: 0
  Segment part 23.            Intra module refs:   taskswitch

    *************************************************************************

  FILE NAME : G:\TI-MSP430\MSP430FG479_V1.4_0324\Debug\Obj\uart.r43
  PROGRAM MODULE, NAME : uart

  SEGMENTS IN THE MODULE
  ======================
DATA16_AN
  Relative segment, address: 002E - 002E (0x1 bytes), align: 0
  Segment part 3. ROOT        Intra module refs:   uart_init
           ENTRY                   ADDRESS         REF BY
           =====                   =======         ======
           P2SEL                   002E 
    -------------------------------------------------------------------------
DATA16_AN
  Relative segment, address: 0061 - 0061 (0x1 bytes), align: 0
  Segment part 4. ROOT        Intra module refs:   uart_init
           ENTRY                   ADDRESS         REF BY
           =====                   =======         ======
           UCA0CTL1                0061 
    -------------------------------------------------------------------------
DATA16_AN
  Relative segment, address: 0062 - 0062 (0x1 bytes), align: 0
  Segment part 5. ROOT        Intra module refs:   uart_init
           ENTRY                   ADDRESS         REF BY
           =====                   =======         ======
           UCA0BR0                 0062 
    -------------------------------------------------------------------------
DATA16_AN
  Relative segment, address: 0063 - 0063 (0x1 bytes), align: 0
  Segment part 6. ROOT        Intra module refs:   uart_init
           ENTRY                   ADDRESS         REF BY
           =====                   =======         ======
           UCA0BR1                 0063 
    -------------------------------------------------------------------------
DATA16_AN
  Relative segment, address: 0064 - 0064 (0x1 bytes), align: 0
  Segment part 7. ROOT        Intra module refs:   uart_init
           ENTRY                   ADDRESS         REF BY
           =====                   =======         ======
           UCA0MCTL                0064 
    -------------------------------------------------------------------------
DATA16_AN
  Relative segment, address: 0066 - 0066 (0x1 bytes), align: 0
  Segment part 9. ROOT        Intra module refs:   USCIA0RX_ISR
           ENTRY                   ADDRESS         REF BY
           =====                   =======         ======
           UCA0RXBUF               0066 
    -------------------------------------------------------------------------
DATA16_AN
  Relative segment, address: 0067 - 0067 (0x1 bytes), align: 0
  Segment part 10. ROOT       Intra module refs:   Uart_Send_Data
                                                   putchar
           ENTRY                   ADDRESS         REF BY
           =====                   =======         ======
           UCA0TXBUF               0067 
    -------------------------------------------------------------------------
<CODE> 1 (was CODE)
  Relative segment, address: 3CE0 - 3CFD (0x1e bytes), align: 1
  Segment part 17.
           ENTRY                   ADDRESS         REF BY
           =====                   =======         ======
           putchar                 3CE0            _Prout (?xprout)
    -------------------------------------------------------------------------
<CODE> 1 (was CODE)
  Relative segment, address: 3F32 - 3F3D (0xc bytes), align: 1
  Segment part 18.            Intra module refs:   Uart_Send_Str
           ENTRY                   ADDRESS         REF BY
           =====                   =======         ======
           Uart_Send_Data          3F32            Modbus_Read_Send (modbus)
                                                   Modbus_Write_Send (modbus)
    -------------------------------------------------------------------------
<CODE> 1 (was CODE)
  Relative segment, address: 39E8 - 3A1B (0x34 bytes), align: 1
  Segment part 19.
           ENTRY                   ADDRESS         REF BY
           =====                   =======         ======
           Uart_Send_Str           39E8            AT_CMD_Analysis (at)
               calls direct
    -------------------------------------------------------------------------
<CODE> 1 (was CODE)
  Relative segment, address: 3A80 - 3AAF (0x30 bytes), align: 1
  Segment part 20.
           ENTRY                   ADDRESS         REF BY
           =====                   =======         ======
           uart_init               3A80            main (main)
    -------------------------------------------------------------------------
DATA16_Z
  Relative segment, address: 0539 - 0578 (0x40 bytes), align: 0
  Segment part 15.            Intra module refs:   USCIA0RX_ISR
                                                   Uart_Receive_Data_Task
           ENTRY                   ADDRESS         REF BY
           =====                   =======         ======
           UART_RX_BUF             0539 
    -------------------------------------------------------------------------
DATA16_Z
  Relative segment, address: 03B0 - 03B1 (0x2 bytes), align: 1
  Segment part 16.            Intra module refs:   USCIA0RX_ISR
                                                   Uart_Receive_Data_Task
           ENTRY                   ADDRESS         REF BY
           =====                   =======         ======
           UART_RX_CNT             03B0 
    -------------------------------------------------------------------------
<CODE> 1 (was CODE)
  Relative segment, address: 38D6 - 3911 (0x3c bytes), align: 1
  Segment part 21.            Intra module refs:   USCIA0RX_ISR::??INTVEC 18
           ENTRY                   ADDRESS         REF BY
           =====                   =======         ======
           USCIA0RX_ISR            38D6 
               interrupt function
               calls direct
    -------------------------------------------------------------------------
<CODE> 1 (was CODE)
  Relative segment, address: 2E5C - 2F45 (0xea bytes), align: 1
  Segment part 22.            Intra module refs:   USCIA0RX_ISR
           ENTRY                   ADDRESS         REF BY
           =====                   =======         ======
           Uart_Receive_Data_Task
                                   2E5C 
               calls direct
    -------------------------------------------------------------------------
INTVEC
  Common segment, address: FFE0 - FFF3 (0x14 bytes), align: 1
  Segment part 11. ROOT 
           ENTRY                   ADDRESS         REF BY
           =====                   =======         ======
           USCIA0RX_ISR::??INTVEC 18
                                   FFF2 

    *************************************************************************

  FILE NAME : C:\Program Files (x86)\IAR Systems\Embedded Workbench 8.0\430\lib\dlib\dl430fn.r43
  LIBRARY MODULE, NAME : ?__dbg_break

  SEGMENTS IN THE MODULE
  ======================
<CODE> 1 (was CODE)
  Relative segment, address: 3F98 - 3F99 (0x2 bytes), align: 1
  Segment part 2.
           ENTRY                   ADDRESS         REF BY
           =====                   =======         ======
           __DebugBreak            3F98            __exit (?__exit)

    -------------------------------------------------------------------------
  LIBRARY MODULE, NAME : ?__exit

  SEGMENTS IN THE MODULE
  ======================
<CODE> 1 (was CODE)
  Relative segment, address: 3E50 - 3E61 (0x12 bytes), align: 1
  Segment part 2.
           ENTRY                   ADDRESS         REF BY
           =====                   =======         ======
           __exit                  3E50            Segment part 6 (?_exit)
                                                   _exit (?_exit)
               calls direct

    -------------------------------------------------------------------------
  LIBRARY MODULE, NAME : ?atoi

  SEGMENTS IN THE MODULE
  ======================
<CODE> 1 (was CODE)
  Relative segment, address: 3F62 - 3F6B (0xa bytes), align: 1
  Segment part 2.
           ENTRY                   ADDRESS         REF BY
           =====                   =======         ======
           atoi                    3F62            AT_CMD_Analysis (at)
               calls direct

    -------------------------------------------------------------------------
  LIBRARY MODULE, NAME : ?_exit

  SEGMENTS IN THE MODULE
  ======================
<CODE> 1 (was CODE)
  Relative segment, address: 3F8C, align: 1
  Segment part 0.
           ENTRY                   ADDRESS         REF BY
           =====                   =======         ======
           _exit                   3F8C            exit (?exit)
    -------------------------------------------------------------------------
<CODE> 1 (was CODE)
  Relative segment, address: 3F8C - 3F8F (0x4 bytes), align: 1
  Segment part 6.             Intra module refs:   _exit

    -------------------------------------------------------------------------
  LIBRARY MODULE, NAME : ?cstart

  SEGMENTS IN THE MODULE
  ======================
CSTACK
  Relative segment, address: 0870, align: 1
  Segment part 1.
    -------------------------------------------------------------------------
DATA16_Z
  Relative segment, address: 03B2, align: 1
  Segment part 2.
    -------------------------------------------------------------------------
DATA16_I
  Relative segment, address: 022E, align: 1
  Segment part 3.
    -------------------------------------------------------------------------
DATA16_ID
  Relative segment, address: 1250, align: 1
  Segment part 4.
    -------------------------------------------------------------------------
CSTART
  Relative segment, address: 1254 - 1257 (0x4 bytes), align: 1
  Segment part 9.
           ENTRY                   ADDRESS         REF BY
           =====                   =======         ======
           __program_start         1254            ?reset_vector (?reset_vector)
                                                   Absolute parts (?ABS_ENTRY_MOD)
           ?cstart_begin           1254 
    -------------------------------------------------------------------------
CSTART
  Relative segment, address: 1258 - 1263 (0xc bytes), align: 1
  Segment part 13.
           ENTRY                   ADDRESS         REF BY
           =====                   =======         ======
           ?cstart_init_zero       1258            ChannelNum (adc)
                                                   ChannelNumbuf (adc)
                                                   DirectFlag (adc)
                                                   EventTime (sys)
                                                   EventTimeSave (sys)
                                                   FLASH_BUF (flash)
                                                   MODBUS (modbus)
                                                   MotorDirection::errcnt (adc)
                                                   MotorIntervalTime (timer)
                                                   MotorIntervalTimeBuf (timer)
                                                   MotorSet::stateBuf (adc)
                                                   NotUsed (adc)
                                                   PeriodCnt (adc)
                                                   RunFlag (adc)
                                                   Sequencenum (timer)
                                                   TaskEvent (sys)
                                                   TaskEventNum (sys)
                                                   Task_Func (sys)
                                                   UART_RX_BUF (uart)
                                                   UART_RX_CNT (uart)
                                                   __iar_Errno (?errno)
                                                   actualvalue (timer)
                                                   index (adc)
                                                   results (adc)
                                                   resultsbuf (adc)
                                                   revnum (timer)
                                                   storecnt (timer)
                                                   temp (delay)
                                                   timeout_1ms (delay)
                                                   tmp (adc)
    -------------------------------------------------------------------------
CSTART
  Relative segment, address: 1264 - 1273 (0x10 bytes), align: 1
  Segment part 14.
           ENTRY                   ADDRESS         REF BY
           =====                   =======         ======
           ?cstart_init_copy       1264            Modbus_485_Addr (modbus)
                                                   MotorState (timer)
                                                   SampleIntervalTime (timer)
                                                   Sinewave (timer)
                                                   taskswitch (timer)
    -------------------------------------------------------------------------
CSTART
  Relative segment, address: 1274 - 127B (0x8 bytes), align: 1
  Segment part 18.            Intra module refs:   Segment part 9
           ENTRY                   ADDRESS         REF BY
           =====                   =======         ======
           ?cstart_call_main       1274 
           ?cstart_end             127C 

    -------------------------------------------------------------------------
  LIBRARY MODULE, NAME : ?reset_vector

  SEGMENTS IN THE MODULE
  ======================
RESET
  Relative segment, address: FFFE - FFFF (0x2 bytes), align: 1
  Segment part 0.
           ENTRY                   ADDRESS         REF BY
           =====                   =======         ======
           ?reset_vector           FFFE            Segment part 9 (?cstart)

    -------------------------------------------------------------------------
  LIBRARY MODULE, NAME : ?div64i

  SEGMENTS IN THE MODULE
  ======================
<CODE> 1 (was CODE)
  Relative segment, address: 3010 - 30BF (0xb0 bytes), align: 1
  Segment part 2.
           ENTRY                   ADDRESS         REF BY
           =====                   =======         ======
           _Div64u                 3010            _LitobLarge (?xprintflarge)
    -------------------------------------------------------------------------
<CODE> 1 (was CODE)
  Relative segment, address: 3DBC - 3DD5 (0x1a bytes), align: 1
  Segment part 4.             Intra module refs:   _Div64u

    -------------------------------------------------------------------------
  LIBRARY MODULE, NAME : ?div

  SEGMENTS IN THE MODULE
  ======================
<CODE> 1 (was CODE)
  Relative segment, address: 3DEE - 3E03 (0x16 bytes), align: 1
  Segment part 0.
           ENTRY                   ADDRESS         REF BY
           =====                   =======         ======
           div                     3DEE            _GenldLarge (?xprintflarge)

    -------------------------------------------------------------------------
  LIBRARY MODULE, NAME : ?Epilogue

  SEGMENTS IN THE MODULE
  ======================
<CODE> 1 (was CODE)
  Relative segment, address: 3EEE - 3EEF (0x2 bytes), align: 1
  Segment part 2.
           ENTRY                   ADDRESS         REF BY
           =====                   =======         ======
           ?Epilogue6              3EEE            _GenldLarge (?xprintflarge)
                                                   _LdtobLarge (?xprintflarge)
                                                   _LitobLarge (?xprintflarge)
                                                   _PrintfLarge (?xprintflarge)
                                                   __iar_Stoulx (?xstoul)
    -------------------------------------------------------------------------
<CODE> 1 (was CODE)
  Relative segment, address: 3EF0 - 3EF1 (0x2 bytes), align: 1
  Segment part 3.             Intra module refs:   ?Epilogue6
           ENTRY                   ADDRESS         REF BY
           =====                   =======         ======
           ?Epilogue5              3EF0 
    -------------------------------------------------------------------------
<CODE> 1 (was CODE)
  Relative segment, address: 3EF2 - 3EF3 (0x2 bytes), align: 1
  Segment part 4.             Intra module refs:   ?Epilogue5
           ENTRY                   ADDRESS         REF BY
           =====                   =======         ======
           ?Epilogue4              3EF2            Max_value (adc)
                                                   Modbus_CMD_Analysis (modbus)
                                                   _PutcharsLarge (?xprintflarge)
                                                   pad (?xprintflarge)
    -------------------------------------------------------------------------
<CODE> 1 (was CODE)
  Relative segment, address: 3EF4 - 3EFB (0x8 bytes), align: 1
  Segment part 5.             Intra module refs:   ?Epilogue4
           ENTRY                   ADDRESS         REF BY
           =====                   =======         ======
           ?Epilogue3              3EF4            FLASH_Write (flash)
                                                   Modbus_Read_Send (modbus)

    -------------------------------------------------------------------------
  LIBRARY MODULE, NAME : ?errno

  SEGMENTS IN THE MODULE
  ======================
DATA16_Z
  Relative segment, address: 03B2 - 03B3 (0x2 bytes), align: 1
  Segment part 2.
           ENTRY                   ADDRESS         REF BY
           =====                   =======         ======
           __iar_Errno             03B2            __iar_Stoulx (?xstoul)

    -------------------------------------------------------------------------
  LIBRARY MODULE, NAME : ?exit

  SEGMENTS IN THE MODULE
  ======================
<CODE> 1 (was CODE)
  Relative segment, address: 3F88 - 3F8B (0x4 bytes), align: 1
  Segment part 2.
           ENTRY                   ADDRESS         REF BY
           =====                   =======         ======
           exit                    3F88            Segment part 18 (?cstart)
               calls direct

    -------------------------------------------------------------------------
  LIBRARY MODULE, NAME : ?Cast32f32i

  SEGMENTS IN THE MODULE
  ======================
<CODE> 1 (was CODE)
  Relative segment, address: 340C - 3489 (0x7e bytes), align: 1
  Segment part 1.
           ENTRY                   ADDRESS         REF BY
           =====                   =======         ======
           _Cast32uto32f           340C            Max_value (adc)
                                                   _LdtobLarge (?xprintflarge)

    -------------------------------------------------------------------------
  LIBRARY MODULE, NAME : _Cast32fto32u

  SEGMENTS IN THE MODULE
  ======================
<CODE> 1 (was CODE)
  Relative segment, address: 3F56 - 3F61 (0xc bytes), align: 1
  Segment part 0.
           ENTRY                   ADDRESS         REF BY
[...]
  Segment part 2.             Intra module refs:   ?ShiftRight16u_6
           ENTRY                   ADDRESS         REF BY
           =====                   =======         ======
           ?ShiftRight16u_5        3DAA 
    -------------------------------------------------------------------------
<CODE> 1 (was CODE)
  Relative segment, address: 3DAE - 3DB1 (0x4 bytes), align: 1
  Segment part 3.             Intra module refs:   ?ShiftRight16u_5
           ENTRY                   ADDRESS         REF BY
           =====                   =======         ======
           ?ShiftRight16u_4        3DAE 
    -------------------------------------------------------------------------
<CODE> 1 (was CODE)
  Relative segment, address: 3DB2 - 3DBB (0xa bytes), align: 1
  Segment part 4.             Intra module refs:   ?ShiftRight16u_4
           ENTRY                   ADDRESS         REF BY
           =====                   =======         ======
           ?ShiftRight16u_3        3DB2 

    -------------------------------------------------------------------------
  LIBRARY MODULE, NAME : ?memchr

  SEGMENTS IN THE MODULE
  ======================
<CODE> 1 (was CODE)
  Relative segment, address: 3E18 - 3E2B (0x14 bytes), align: 1
  Segment part 2.
           ENTRY                   ADDRESS         REF BY
           =====                   =======         ======
           __iar_Memchr            3E18            _PrintfLarge (?xprintflarge)
                                                   __iar_Stoulx (?xstoul)

    -------------------------------------------------------------------------
  LIBRARY MODULE, NAME : ?memcpy

  SEGMENTS IN THE MODULE
  ======================
<CODE> 1 (was CODE)
  Relative segment, address: 3E74 - 3E85 (0x12 bytes), align: 1
  Segment part 2.
           ENTRY                   ADDRESS         REF BY
           =====                   =======         ======
           memcpy                  3E74            Segment part 11 (?xprintflarge)
                                                   _GenldLarge (?xprintflarge)
                                                   _LdtobLarge (?xprintflarge)
                                                   __data16_memcpy (?memzero)
                                                   takeSample (timer)

    -------------------------------------------------------------------------
  LIBRARY MODULE, NAME : ?CopyMemoryBytes

  SEGMENTS IN THE MODULE
  ======================
<CODE> 1 (was CODE)
  Relative segment, address: 3E86 - 3E95 (0x10 bytes), align: 1
  Segment part 0.
           ENTRY                   ADDRESS         REF BY
           =====                   =======         ======
           ?CopyMemoryBytes        3E86            AT_CMD_Analysis (at)

    -------------------------------------------------------------------------
  LIBRARY MODULE, NAME : ?memset

  SEGMENTS IN THE MODULE
  ======================
<CODE> 1 (was CODE)
  Relative segment, address: 3E2C - 3E3D (0x12 bytes), align: 1
  Segment part 2.
           ENTRY                   ADDRESS         REF BY
           =====                   =======         ======
           memset                  3E2C            Modbus_CMD_Analysis (modbus)

    -------------------------------------------------------------------------
  LIBRARY MODULE, NAME : ?memzero

  SEGMENTS IN THE MODULE
  ======================
<CODE> 1 (was CODE)
  Relative segment, address: 3EA6 - 3EB5 (0x10 bytes), align: 1
  Segment part 2.
           ENTRY                   ADDRESS         REF BY
           =====                   =======         ======
           __data16_memzero        3EA6            ?cstart_init_zero (?cstart)
    -------------------------------------------------------------------------
<CODE> 1 (was CODE)
  Relative segment, address: 3F90 - 3F93 (0x4 bytes), align: 1
  Segment part 3.
           ENTRY                   ADDRESS         REF BY
           =====                   =======         ======
           __data16_memcpy         3F90            ?cstart_init_copy (?cstart)
               calls direct

    -------------------------------------------------------------------------
  LIBRARY MODULE, NAME : ?printf

  SEGMENTS IN THE MODULE
  ======================
<CODE> 1 (was CODE)
  Relative segment, address: 3D36 - 3D51 (0x1c bytes), align: 1
  Segment part 2.
           ENTRY                   ADDRESS         REF BY
           =====                   =======         ======
           printf                  3D36            AT_CMD_Analysis (at)
                                                   TEST (main)
               calls direct

    -------------------------------------------------------------------------
  LIBRARY MODULE, NAME : ?strchr

  SEGMENTS IN THE MODULE
  ======================
<CODE> 1 (was CODE)
  Relative segment, address: 3F0A - 3F17 (0xe bytes), align: 1
  Segment part 2.
           ENTRY                   ADDRESS         REF BY
           =====                   =======         ======
           __iar_Strchr            3F0A            _PrintfLarge (?xprintflarge)

    -------------------------------------------------------------------------
  LIBRARY MODULE, NAME : ?strcmp

  SEGMENTS IN THE MODULE
  ======================
<CODE> 1 (was CODE)
  Relative segment, address: 3CC2 - 3CDF (0x1e bytes), align: 1
  Segment part 2.
           ENTRY                   ADDRESS         REF BY
           =====                   =======         ======
           strcmp                  3CC2            AT_CMD_Analysis (at)

    -------------------------------------------------------------------------
  LIBRARY MODULE, NAME : ?strlen

  SEGMENTS IN THE MODULE
  ======================
<CODE> 1 (was CODE)
  Relative segment, address: 3E3E - 3E4F (0x12 bytes), align: 1
  Segment part 2.
           ENTRY                   ADDRESS         REF BY
           =====                   =======         ======
           strlen                  3E3E            _PrintfLarge (?xprintflarge)

    -------------------------------------------------------------------------
  LIBRARY MODULE, NAME : ?strncmp

  SEGMENTS IN THE MODULE
  ======================
<CODE> 1 (was CODE)
  Relative segment, address: 3C38 - 3C5B (0x24 bytes), align: 1
  Segment part 2.
           ENTRY                   ADDRESS         REF BY
           =====                   =======         ======
           strncmp                 3C38            AT_CMD_Analysis (at)

    -------------------------------------------------------------------------
  LIBRARY MODULE, NAME : ?xdunscal

  SEGMENTS IN THE MODULE
  ======================
<CODE> 1 (was CODE)
  Relative segment, address: 378E - 37D5 (0x48 bytes), align: 1
  Segment part 2.
           ENTRY                   ADDRESS         REF BY
           =====                   =======         ======
           __iar_Dunscale          378E            _LdtobLarge (?xprintflarge)
               calls direct

    -------------------------------------------------------------------------
  LIBRARY MODULE, NAME : ?xprintflarge

  SEGMENTS IN THE MODULE
  ======================
<CODE> 1 (was CODE)
  Relative segment, address: 21E2 - 2671 (0x490 bytes), align: 1
  Segment part 18.
           ENTRY                   ADDRESS         REF BY
           =====                   =======         ======
           _PrintfLarge            21E2            printf (?printf)
               calls direct
    -------------------------------------------------------------------------
<CODE> 1 (was CODE)
  Relative segment, address: 3F4A - 3F55 (0xc bytes), align: 1
  Segment part 20.            Intra module refs:   _PrintfLarge
    -------------------------------------------------------------------------
<CODE> 1 (was CODE)
  Relative segment, address: 3F26 - 3F31 (0xc bytes), align: 1
  Segment part 22.            Intra module refs:   _PrintfLarge
    -------------------------------------------------------------------------
<CODE> 1 (was CODE)
  Relative segment, address: 3E04 - 3E17 (0x14 bytes), align: 1
  Segment part 25.            Intra module refs:   _PrintfLarge
    -------------------------------------------------------------------------
<CODE> 1 (was CODE)
  Relative segment, address: 1A3A - 1AB9 (0x80 bytes), align: 1
  Segment part 8.             Intra module refs:   _PrintfLarge
           LOCAL                   ADDRESS         
           =====                   =======         
           LoadInt                 1A3A 
    -------------------------------------------------------------------------
<CODE> 1 (was CODE)
  Relative segment, address: 1ABA - 1AC7 (0xe bytes), align: 1
  Segment part 9.             Intra module refs:   LoadInt
    -------------------------------------------------------------------------
<CODE> 1 (was CODE)
  Relative segment, address: 1AC8 - 1D27 (0x260 bytes), align: 1
  Segment part 10.            Intra module refs:   _LdtobLarge
           LOCAL                   ADDRESS         
           =====                   =======         
           _GenldLarge             1AC8 
               calls direct
    -------------------------------------------------------------------------
<CODE> 1 (was CODE)
  Relative segment, address: 1D28 - 1D37 (0x10 bytes), align: 1
  Segment part 11.            Intra module refs:   _GenldLarge
    -------------------------------------------------------------------------
<CODE> 1 (was CODE)
  Relative segment, address: 1D38 - 1D55 (0x1e bytes), align: 1
  Segment part 12.            Intra module refs:   _GenldLarge
    -------------------------------------------------------------------------
<CODE> 1 (was CODE)
  Relative segment, address: 1D56 - 1DA7 (0x52 bytes), align: 1
  Segment part 13.            Intra module refs:   _LdtobLarge
           LOCAL                   ADDRESS         
           =====                   =======         
           scale                   1D56 
               calls direct
    -------------------------------------------------------------------------
<CODE> 1 (was CODE)
  Relative segment, address: 1DA8 - 1FF9 (0x252 bytes), align: 1
  Segment part 14.            Intra module refs:   _PrintfLarge
           LOCAL                   ADDRESS         
           =====                   =======         
           _LdtobLarge             1DA8 
               calls direct
    -------------------------------------------------------------------------
<CODE> 1 (was CODE)
  Relative segment, address: 1FFA - 21C5 (0x1cc bytes), align: 1
  Segment part 15.            Intra module refs:   _PrintfLarge
           LOCAL                   ADDRESS         
           =====                   =======         
           _LitobLarge             1FFA 
               calls direct
    -------------------------------------------------------------------------
<CODE> 1 (was CODE)
  Relative segment, address: 21C6 - 21D7 (0x12 bytes), align: 1
  Segment part 16.            Intra module refs:   _LitobLarge
    -------------------------------------------------------------------------
<CODE> 1 (was CODE)
  Relative segment, address: 21D8 - 21E1 (0xa bytes), align: 1
  Segment part 17.            Intra module refs:   LoadInt
                                                   _LitobLarge
                                                   _PrintfLarge
    -------------------------------------------------------------------------
<CODE> 1 (was CODE)
  Relative segment, address: 394A - 397F (0x36 bytes), align: 1
  Segment part 26.            Intra module refs:   Segment part 22
           LOCAL                   ADDRESS         
           =====                   =======         
           pad                     394A 
               calls direct
    -------------------------------------------------------------------------
<CODE> 1 (was CODE)
  Relative segment, address: 3C80 - 3CA3 (0x24 bytes), align: 1
  Segment part 27.            Intra module refs:   _PrintfLarge
                                                   _PutcharsLarge
           LOCAL                   ADDRESS         
           =====                   =======         
           _PutcharLarge           3C80 
               calls indirect
    -------------------------------------------------------------------------
<CODE> 1 (was CODE)
  Relative segment, address: 3B3E - 3B69 (0x2c bytes), align: 1
  Segment part 28.            Intra module refs:   Segment part 20
                                                   pad
           LOCAL                   ADDRESS         
           =====                   =======         
           _PutcharsLarge          3B3E 
               calls direct
    -------------------------------------------------------------------------
<CODE> 1 (was CODE)
  Relative segment, address: 3ED2 - 3EDF (0xe bytes), align: 1
  Segment part 19.            Intra module refs:   _PrintfLarge
    -------------------------------------------------------------------------
<CODE> 1 (was CODE)
  Relative segment, address: 3EB6 - 3EC3 (0xe bytes), align: 1
  Segment part 21.            Intra module refs:   _PrintfLarge
    -------------------------------------------------------------------------
<CODE> 1 (was CODE)
  Relative segment, address: 3E62 - 3E73 (0x12 bytes), align: 1
  Segment part 23.            Intra module refs:   _PrintfLarge
    -------------------------------------------------------------------------
<CODE> 1 (was CODE)
  Relative segment, address: 385C - 3899 (0x3e bytes), align: 1
  Segment part 24.            Intra module refs:   _PrintfLarge
    -------------------------------------------------------------------------
DATA16_C
  Relative segment, address: 11BE - 11C4 (0x7 bytes), align: 0
  Segment part 2.             Intra module refs:   _PrintfLarge
    -------------------------------------------------------------------------
DATA16_C
  Relative segment, address: 11C5 - 11C8 (0x4 bytes), align: 0
  Segment part 3.             Intra module refs:   _LdtobLarge
    -------------------------------------------------------------------------
DATA16_C
  Relative segment, address: 11C9 - 11CC (0x4 bytes), align: 0
  Segment part 4.             Intra module refs:   _LdtobLarge
    -------------------------------------------------------------------------
DATA16_C
  Relative segment, address: 11CD - 11D0 (0x4 bytes), align: 0
  Segment part 5.             Intra module refs:   _LdtobLarge
    -------------------------------------------------------------------------
DATA16_C
  Relative segment, address: 11D1 - 11D4 (0x4 bytes), align: 0
  Segment part 6.             Intra module refs:   _LdtobLarge
    -------------------------------------------------------------------------
DATA16_C
  Relative segment, address: 11D5 - 11D6 (0x2 bytes), align: 0
  Segment part 7.             Intra module refs:   _GenldLarge

    -------------------------------------------------------------------------
  LIBRARY MODULE, NAME : ?xprout

  SEGMENTS IN THE MODULE
  ======================
<CODE> 1 (was CODE)
  Relative segment, address: 3D1A - 3D35 (0x1c bytes), align: 1
  Segment part 2.
           ENTRY                   ADDRESS         REF BY
           =====                   =======         ======
           _Prout                  3D1A            printf (?printf)
               calls direct

    -------------------------------------------------------------------------
  LIBRARY MODULE, NAME : ?xstoul

  SEGMENTS IN THE MODULE
  ======================
DATA16_C
  Relative segment, address: 11D7 - 11FB (0x25 bytes), align: 0
  Segment part 2.             Intra module refs:   __iar_Stoulx
    -------------------------------------------------------------------------
DATA16_C
  Relative segment, address: 11FC - 1220 (0x25 bytes), align: 0
  Segment part 3.             Intra module refs:   __iar_Stoulx
    -------------------------------------------------------------------------
<CODE> 1 (was CODE)
  Relative segment, address: 281E - 29AF (0x192 bytes), align: 1
  Segment part 4.             Intra module refs:   __iar_Stoul
           ENTRY                   ADDRESS         REF BY
           =====                   =======         ======
           __iar_Stoulx            281E 
               calls direct
    -------------------------------------------------------------------------
<CODE> 1 (was CODE)
  Relative segment, address: 3F18 - 3F25 (0xe bytes), align: 1
  Segment part 5.             Intra module refs:   __iar_Stoulx
    -------------------------------------------------------------------------
<CODE> 1 (was CODE)
  Relative segment, address: 3F82 - 3F87 (0x6 bytes), align: 1
  Segment part 6.
           ENTRY                   ADDRESS         REF BY
           =====                   =======         ======
           __iar_Stoul             3F82            atoi (?atoi)
               calls direct




                ****************************************
                *                                      *
                *      SEGMENTS IN ADDRESS ORDER       *
                *                                      *
                ****************************************


SEGMENT              SPACE    START ADDRESS   END ADDRESS     SIZE  TYPE  ALIGN
=======              =====    =============   ===========     ====  ====  =====
DATA16_AN                              0001 - 0001               1   rel    0
                                       0003 - 0003               1 
                                       001D - 001E               2 
                                       0020 - 0023               4 
                                       0028 - 002A               3 
                                       002E - 002E               1 
                                       0031 - 0032               2 
                                       0037 - 0037               1 
                                       0040 - 0041               2 
                                       0050 - 0050               1 
                                       0052 - 0053               2 
                                       0059 - 005B               3 
                                       0061 - 0067               7 
                                       00B0 - 00B0               1 
                                       0100 - 0103               4 
                                       0110 - 0113               4 
                                       0120 - 0121               2 
                                       0128 - 0129               2 
                                       012C - 012D               2 
                                       0160 - 0161               2 
                                       0172 - 0173               2 
                                       01C2 - 01C3               2 
                                       01CA - 01CB               2 
DATA16_I                               0200 - 0230              31   rel    1
DATA16_Z                               0232 - 0578             347   rel    1
CSTACK                                 0870 - 09FF             190   rel    1
DATA16_C                               1100 - 1220             121   rel    0
DATA16_ID                              1222 - 1252              31   rel    1
CSTART                                 1254 - 127B              28   rel    1
<CODE> 1                               127C - 3F99            2D1E   rel    1
INTVEC                                 FFE0 - FFF3              14   com    1
RESET                                  FFFE - FFFF               2   rel    1

                ****************************************
                *                                      *
                *        END OF CROSS REFERENCE        *
                *                                      *
                ****************************************

 11 612 bytes of CODE  memory
  1 288 bytes of DATA  memory (+ 53 absolute )
    338 bytes of CONST memory

Errors: none
Warnings: 1

